{
  "python": "3.12.14",
  "torch": "2.14.0+cu130",
  "cuda_runtime": "13.0",
  "device": "cuda",
  "device_name": "NVIDIA A100-SXM4-40GB",
  "dtype": "torch.float16",
  "seed": 42,
  "threads": 4,
  "config": {
    "vocab_size": 259,
    "d_model": 128,
    "n_layers": 2,
    "n_q_heads": 4,
    "n_kv_heads": 2,
    "d_ff": 384,
    "max_seq_len": 2048,
    "norm_eps": 1e-06,
    "rope_base": 10000.0,
    "n_experts": 0,
    "experts_per_token": 2,
    "tie_embeddings": false,
    "attention_backend": "sdpa"
  },
  "attention_backend": "sdpa",
  "checkpoint": null,
  "random_weights": true,
  "prompt_length": 32,
  "decode_tokens": 8,
  "block_size": 16,
  "repeats": 2,
  "warmup": 1,
  "single_request": {
    "uncached": {
      "prefill": {
        "median_ms": 2.2277130046859384,
        "min_ms": 2.2178729996085167,
        "p95_ms": 2.23755300976336,
        "samples_ms": [
          2.2178729996085167,
          2.23755300976336
        ]
      },
      "decode_total": {
        "median_ms": 17.900611099321395,
        "min_ms": 17.837782041169703,
        "p95_ms": 17.963440157473087,
        "samples_ms": [
          17.963440157473087,
          17.837782041169703
        ]
      },
      "time_per_decode_token": {
        "median_ms": 2.2406974458135664,
        "min_ms": 2.1932029630988836,
        "p95_ms": 2.2623620461672544,
        "samples_ms": [
          2.259942004457116,
          2.2465729853138328,
          2.2590020671486855,
          2.2404129849746823,
          2.2502720821648836,
          2.2623620461672544,
          2.251673024147749,
          2.1932029630988836,
          2.2340030409395695,
          2.2313130320981145,
          2.23755300976336,
          2.2178030340000987,
          2.2409819066524506,
          2.235722029581666,
          2.2441030014306307,
          2.196302986703813
        ]
      },
      "decode_tokens_per_second": 446.9121168887512,
      "peak_allocated_bytes": 9633280
    },
    "contiguous": {
      "prefill": {
        "median_ms": 2.534979023039341,
        "min_ms": 2.4459899868816137,
        "p95_ms": 2.623968059197068,
        "samples_ms": [
          2.623968059197068,
          2.4459899868816137
        ]
      },
      "decode_total": {
        "median_ms": 18.887193291448057,
        "min_ms": 18.852078123018146,
        "p95_ms": 18.922308459877968,
        "samples_ms": [
          18.852078123018146,
          18.922308459877968
        ]
      },
      "time_per_decode_token": {
        "median_ms": 2.367476059589535,
        "min_ms": 2.3128209868445992,
        "p95_ms": 2.3782410426065326,
        "samples_ms": [
          2.3723311023786664,
          2.3674010299146175,
          2.3559610126540065,
          2.35885102301836,
          2.3704610066488385,
          2.3530409671366215,
          2.3612109944224358,
          2.3128209868445992,
          2.3675510892644525,
          2.3684310726821423,
          2.366331056691706,
          2.370871021412313,
          2.3782410426065326,
          2.370731090195477,
          2.37460108473897,
          2.3255510022863746
        ]
      },
      "decode_tokens_per_second": 423.56743411009217,
      "peak_allocated_bytes": 9629696
    },
    "paged": {
      "prefill": {
        "median_ms": 3.522707032971084,
        "min_ms": 2.704616985283792,
        "p95_ms": 4.340797080658376,
        "samples_ms": [
          2.704616985283792,
          4.340797080658376
        ]
      },
      "decode_total": {
        "median_ms": 40.923913940787315,
        "min_ms": 38.23799185920507,
        "p95_ms": 43.609836022369564,
        "samples_ms": [
          43.609836022369564,
          38.23799185920507
        ]
      },
      "time_per_decode_token": {
        "median_ms": 4.723062505945563,
        "min_ms": 4.629053990356624,
        "p95_ms": 10.120855993591249,
        "samples_ms": [
          10.120855993591249,
          5.122317001223564,
          4.737852024845779,
          4.738582065328956,
          4.7247420297935605,
          4.731582012027502,
          4.712521913461387,
          4.721382982097566,
          5.542422062717378,
          4.7427419340237975,
          4.680891986936331,
          4.629053990356624,
          4.647522931918502,
          4.650632967241108,
          4.649502923712134,
          4.695223062299192
        ]
      },
      "decode_tokens_per_second": 195.4847234693919,
      "peak_allocated_bytes": 9613824
    }
  },
  "memory_model": {
    "kv_bytes_per_token": 512,
    "parameter_bytes": 925440,
    "live_kv_bytes": 20480
  },
  "engine": {
    "median_ms": 68.49493610206991,
    "min_ms": 68.36018210742623,
    "p95_ms": 68.6296900967136,
    "samples_ms": [
      68.6296900967136,
      68.36018210742623
    ],
    "requests": 2,
    "forward_calls": 9,
    "request_latencies": [
      [
        {
          "ttft_ms": 3.084672032855451,
          "end_to_end_ms": 63.43309301882982,
          "inter_token_ms": [
            6.975793978199363,
            8.225700003094971,
            9.146437980234623,
            8.999238954856992,
            9.041980025358498,
            8.974930038675666,
            8.982699946500361
          ]
        },
        {
          "ttft_ms": 9.76656109560281,
          "end_to_end_ms": 68.50810104515404,
          "inter_token_ms": [
            8.218238945119083,
            9.146178024820983,
            8.998399949632585,
            9.048029081895947,
            8.975649951025844,
            8.974959957413375,
            5.378234083764255
          ]
        }
      ],
      [
        {
          "ttft_ms": 2.938923891633749,
          "end_to_end_ms": 63.18131694570184,
          "inter_token_ms": [
            6.966075045056641,
            8.219229057431221,
            9.140957961790264,
            8.989149937406182,
            8.978669997304678,
            8.984160027466714,
            8.96209105849266
          ]
        },
        {
          "ttft_ms": 9.617342031560838,
          "end_to_end_ms": 68.27637401875108,
          "inter_token_ms": [
            8.219960029236972,
            9.142027935013175,
            8.988620014861226,
            8.98023007903248,
            8.983929990790784,
            8.96199990529567,
            5.380394053645432
          ]
        }
      ]
    ],
    "output_tokens_per_second": 233.59391088644992
  },
  "speculative_smoke": {
    "single_run_ms": 81.71260892413557,
    "target_calls": 9,
    "draft_calls": 34,
    "baseline_target_calls": 8,
    "proposed": 26,
    "accepted": 0,
    "random_draft": true,
    "note": "Single functional run, not a statistically meaningful speed comparison."
  },
  "notes": [
    "Synchronized wall time includes Python dispatch and device execution.",
    "Peak CUDA allocation includes the model, reference logits, pool, and allocator-visible temporaries.",
    "Paged attention is a block-streaming PyTorch implementation, not a fused CUDA kernel.",
    "Engine and speculative runs have different accounting from forced-token decode."
  ]
}
